\BOOKMARK [0][-]{section*.1}{\376\377\000C\000o\000n\000t\000e\000n\000t\000s}{}% 1
\BOOKMARK [0][-]{section*.2}{\376\377\000L\000i\000s\000t\000\040\000o\000f\000\040\000F\000i\000g\000u\000r\000e\000s}{}% 2
\BOOKMARK [0][-]{chapter*.3}{\376\377\000I\000n\000t\000r\000o\000d\000u\000c\000t\000i\000o\000n}{}% 3
\BOOKMARK [1][-]{section*.4}{\376\377\000T\000h\000e\000\040\000m\000o\000t\000i\000v\000a\000t\000i\000o\000n\000\040\000o\000f\000\040\000e\000x\000i\000s\000t\000e\000n\000c\000e}{chapter*.3}% 4
\BOOKMARK [1][-]{section*.5}{\376\377\000W\000h\000a\000t\000\040\000i\000s\000\040\000i\000n\000\040\000t\000h\000e\000\040\000b\000o\000o\000k}{chapter*.3}% 5
\BOOKMARK [1][-]{section*.6}{\376\377\000F\000r\000e\000q\000u\000e\000n\000t\000l\000y\000\040\000\050\000m\000a\000y\000b\000e\000\051\000\040\000a\000s\000k\000e\000d\000\040\000q\000u\000e\000s\000t\000i\000o\000n\000s}{chapter*.3}% 6
\BOOKMARK [2][-]{subsection*.7}{\376\377\000H\000o\000w\000\040\000m\000u\000c\000h\000\040\000t\000o\000p\000i\000c\000\040\000i\000s\000\040\000c\000o\000v\000e\000r\000e\000d\000,\000\040\000g\000e\000n\000e\000r\000a\000l\000l\000y\000?}{section*.6}% 7
\BOOKMARK [2][-]{subsection*.8}{\376\377\000W\000h\000a\000t\000'\000s\000\040\000w\000i\000t\000h\000\040\000t\000h\000e\000\040\000q\000u\000e\000s\000t\000i\000o\000n\000\040\000s\000e\000c\000t\000i\000o\000n\000?}{section*.6}% 8
\BOOKMARK [1][-]{section*.9}{\376\377\000C\000o\000n\000s\000t\000r\000u\000c\000t\000i\000o\000n}{chapter*.3}% 9
\BOOKMARK [2][-]{subsection*.10}{\376\377\000T\000o\000p\000i\000c\000s\000\040\000i\000n\000\040\000c\000o\000n\000s\000i\000d\000e\000r\000a\000t\000i\000o\000n}{section*.9}% 10
\BOOKMARK [2][-]{subsection*.11}{\376\377\000T\000o\000p\000i\000c\000s\000\040\000i\000n\000\040\000w\000o\000r\000k\000i\000n\000g}{section*.9}% 11
\BOOKMARK [0][-]{chapter*.12}{\376\377\000R\000e\000a\000d\000i\000n\000g}{}% 12
\BOOKMARK [0][-]{chapter.1}{\376\377\000I\000n\000t\000r\000o\000d\000u\000c\000t\000i\000o\000n\000\040\000t\000o\000\040\000A\000r\000t\000i\000f\000i\000c\000i\000a\000l\000\040\000I\000n\000t\000e\000l\000l\000i\000g\000e\000n\000c\000e}{}% 13
\BOOKMARK [1][-]{section.1.1}{\376\377\000H\000i\000s\000t\000o\000r\000y\000\040\000o\000f\000\040\000a\000r\000t\000i\000f\000i\000c\000i\000a\000l\000\040\000i\000n\000t\000e\000l\000l\000i\000g\000e\000n\000c\000e}{chapter.1}% 14
\BOOKMARK [2][-]{subsection.1.1.1}{\376\377\000R\000o\000u\000g\000h\000l\000y\000,\000\040\000a\000r\000t\000i\000f\000i\000c\000i\000a\000l\000\040\000i\000n\000t\000e\000l\000l\000i\000g\000e\000n\000c\000e}{section.1.1}% 15
\BOOKMARK [2][-]{subsection.1.1.2}{\376\377\000T\000h\000e\000\040\000t\000h\000e\000m\000e\000s\000\040\000o\000f\000\040\000A\000I}{section.1.1}% 16
\BOOKMARK [2][-]{subsection.1.1.3}{\376\377\000P\000r\000e\000c\000u\000r\000s\000o\000r\000\040\000-\000\040\000F\000r\000o\000m\000\040\000t\000h\000e\000\040\000a\000n\000c\000i\000e\000n\000t\000\040\000t\000i\000m\000e\000\040\000t\000o\000\040\0001\0008\000t\000h\000\040\000c\000e\000n\000t\000u\000r\000y}{section.1.1}% 17
\BOOKMARK [2][-]{subsection.1.1.4}{\376\377\000T\000h\000e\000\040\0001\0009\0004\0000\000s}{section.1.1}% 18
\BOOKMARK [2][-]{subsection.1.1.5}{\376\377\000T\000h\000e\000\040\0001\0009\0005\0000\000s\000\040\000t\000o\000\040\0001\0009\0006\0000\000s}{section.1.1}% 19
\BOOKMARK [2][-]{subsection.1.1.6}{\376\377\000T\000h\000e\000\040\000f\000i\000r\000s\000t\000\040\000A\000I\000\040\000w\000i\000n\000t\000e\000r\000\040\000\050\0001\0009\0006\0006\000-\0001\0009\0007\0003\000\051}{section.1.1}% 20
\BOOKMARK [2][-]{subsection.1.1.7}{\376\377\000K\000n\000o\000w\000l\000e\000d\000g\000e\000-\000b\000a\000s\000e\000d\000\040\000s\000y\000s\000t\000e\000m\000s\000\040\000-\000\040\000e\000x\000p\000e\000r\000t\000\040\000s\000y\000s\000t\000e\000m\000\040\000\050\0001\0009\0006\0009\000-\0001\0009\0007\0009\000\051}{section.1.1}% 21
\BOOKMARK [2][-]{subsection.1.1.8}{\376\377\000N\000e\000u\000r\000a\000l\000\040\000n\000e\000t\000w\000o\000r\000k\000,\000\040\000t\000h\000e\000\040\000r\000e\000t\000u\000r\000n\000\040\000\050\0001\0009\0008\0006\000\051}{section.1.1}% 22
\BOOKMARK [2][-]{subsection.1.1.9}{\376\377\000A\000d\000o\000p\000t\000i\000o\000n\000\040\000o\000f\000\040\000s\000c\000i\000e\000n\000t\000i\000f\000i\000c\000\040\000m\000e\000t\000h\000o\000d\000\040\000\050\0001\0009\0008\0007\000\051}{section.1.1}% 23
\BOOKMARK [2][-]{subsection.1.1.10}{\376\377\000I\000n\000t\000e\000l\000l\000i\000g\000e\000n\000t\000\040\000a\000g\000e\000n\000t\000s\000\040\000\050\0001\0009\0009\0005\000\051}{section.1.1}% 24
\BOOKMARK [2][-]{subsection.1.1.11}{\376\377\000T\000h\000e\000\040\000r\000e\000v\000o\000l\000u\000t\000i\000o\000n\000\040\000o\000f\000\040\000I\000n\000t\000e\000r\000n\000e\000t\000\040\000a\000n\000d\000\040\000P\000r\000o\000b\000a\000b\000i\000l\000i\000s\000t\000i\000c\000\040\000m\000e\000t\000h\000o\000d\000\040\000\050\0002\0000\0000\0001\000\051}{section.1.1}% 25
\BOOKMARK [2][-]{subsection.1.1.12}{\376\377\000S\000c\000a\000l\000i\000n\000g\000\040\000n\000e\000u\000r\000a\000l\000\040\000n\000e\000t\000w\000o\000r\000k\000\040\000u\000p\000\040\000\050\0001\0009\0009\0000\000s\000-\000p\000r\000e\000s\000e\000n\000t\000\051}{section.1.1}% 26
\BOOKMARK [1][-]{section.1.2}{\376\377\000T\000h\000e\000\040\000A\000r\000t\000i\000f\000i\000c\000i\000a\000l\000\040\000I\000n\000t\000e\000l\000l\000i\000g\000e\000n\000c\000e}{chapter.1}% 27
\BOOKMARK [2][-]{subsection.1.2.1}{\376\377\000D\000e\000f\000i\000n\000i\000n\000g\000\040\000a\000r\000t\000i\000f\000i\000c\000i\000a\000l}{section.1.2}% 28
\BOOKMARK [2][-]{subsection.1.2.2}{\376\377\000D\000e\000f\000i\000n\000i\000n\000g\000\040\000i\000n\000t\000e\000l\000l\000i\000g\000e\000n\000c\000e}{section.1.2}% 29
\BOOKMARK [2][-]{subsection.1.2.3}{\376\377\000H\000i\000s\000t\000o\000r\000i\000c\000a\000l\000\040\000a\000c\000c\000o\000u\000n\000t\000s}{section.1.2}% 30
\BOOKMARK [2][-]{subsection.1.2.4}{\376\377\000T\000h\000e\000\040\000D\000e\000s\000c\000a\000r\000t\000e\000s\000\040\000e\000x\000p\000e\000r\000i\000m\000e\000n\000t\000s}{section.1.2}% 31
\BOOKMARK [2][-]{subsection.1.2.5}{\376\377\000T\000h\000e\000\040\000e\000c\000o\000n\000o\000m\000i\000c\000\040\000o\000f\000\040\000d\000e\000f\000i\000n\000i\000e\000n\000d\000u\000m}{section.1.2}% 32
\BOOKMARK [1][-]{section.1.3}{\376\377\000T\000h\000e\000\040\000a\000r\000t\000i\000f\000i\000c\000i\000a\000l\000\040\000i\000n\000t\000e\000l\000l\000i\000g\000e\000n\000c\000e}{chapter.1}% 33
\BOOKMARK [2][-]{subsection.1.3.1}{\376\377\000T\000h\000e\000\040\000p\000r\000e\000c\000u\000r\000s\000o\000r\000\040\000a\000r\000t\000i\000f\000i\000c\000i\000a\000l\000\040\000c\000o\000n\000s\000t\000r\000u\000c\000t}{section.1.3}% 34
\BOOKMARK [1][-]{section.1.4}{\376\377\000P\000h\000i\000l\000o\000s\000o\000p\000h\000i\000c\000a\000l\000\040\000a\000r\000g\000u\000m\000e\000n\000t\000s\000\040\000a\000g\000a\000i\000n\000s\000t\000\040\000A\000I}{chapter.1}% 35
\BOOKMARK [2][-]{subsection.1.4.1}{\376\377\000D\000e\000s\000c\000a\000r\000t\000e\000s\000'\000s\000\040\000a\000r\000g\000u\000m\000e\000n\000t\000\040\000\050\0001\0007\0000\0000\000s\000\051}{section.1.4}% 36
\BOOKMARK [2][-]{subsection.1.4.2}{\376\377\000C\000a\000t\000e\000g\000o\000r\000i\000z\000a\000t\000i\000o\000n\000\040\000-\000\040\000S\000t\000r\000o\000n\000g\000\040\000a\000n\000d\000\040\000w\000e\000a\000k\000\040\000A\000I\000\040\000\050\0001\0009\0009\0001\000\051}{section.1.4}% 37
\BOOKMARK [2][-]{subsection.1.4.3}{\376\377\000T\000h\000e\000\040\000C\000h\000i\000n\000e\000s\000e\000\040\000R\000o\000o\000m\000\040\000A\000r\000g\000u\000m\000e\000n\000t\000\040\000\050\0001\0009\0008\0000\000s\000\051}{section.1.4}% 38
\BOOKMARK [2][-]{subsection.1.4.4}{\376\377\000T\000h\000e\000\040\000G\000\366\000d\000e\000l\000i\000a\000n\000\040\000a\000r\000g\000u\000m\000e\000n\000t\000\040\000\050\0001\0009\0006\0001\000\051}{section.1.4}% 39
\BOOKMARK [2][-]{subsection.1.4.5}{\376\377\000T\000h\000e\000\040\000E\000p\000i\000s\000t\000e\000m\000o\000l\000o\000g\000i\000c\000a\000l\000\040\000A\000r\000g\000u\000m\000e\000n\000t\000\040\040\024\000\040\000B\000a\000t\000h\000a\000e\000e\0002\0000\0001\0008\000T\000h\000e\000A\000I}{section.1.4}% 40
\BOOKMARK [1][-]{section.1.5}{\376\377\000A\000g\000e\000n\000t\000\040\000a\000n\000d\000\040\000o\000b\000s\000e\000r\000v\000a\000t\000i\000o\000n\000s}{chapter.1}% 41
\BOOKMARK [1][-]{section.1.6}{\376\377\000A\000p\000p\000e\000n\000d\000i\000x}{chapter.1}% 42
\BOOKMARK [2][-]{subsection.1.6.1}{\376\377\000T\000h\000e\000\040\000m\000e\000r\000i\000t\000s\000\040\000o\000f\000\040\000t\000h\000e\000\040\000p\000r\000o\000c\000e\000s\000s\000i\000n\000g\000\040\000u\000n\000i\000t}{section.1.6}% 43
\BOOKMARK [2][-]{subsection.1.6.2}{\376\377\000T\000h\000e\000\040\000l\000a\000y\000e\000r\000\040\000d\000i\000l\000e\000m\000m\000a\000\040\000-\000\040\000o\000r\000\040\000C\000h\000i\000n\000e\000s\000e\000\040\000R\000o\000o\000m\000\040\000A\000r\000g\000u\000m\000e\000n\000t}{section.1.6}% 44
\BOOKMARK [-1][-]{part.1}{\376\377\000I\000\040\000P\000r\000e\000l\000i\000m\000i\000n\000a\000r\000y}{}% 45
\BOOKMARK [0][-]{chapter.2}{\376\377\000F\000o\000u\000n\000d\000a\000t\000i\000o\000n\000a\000l\000\040\000m\000a\000t\000h\000e\000m\000a\000t\000i\000c\000s}{part.1}% 46
\BOOKMARK [1][-]{section.2.1}{\376\377\000E\000l\000e\000m\000e\000n\000t\000a\000r\000y\000\040\000l\000o\000g\000i\000c\000s}{chapter.2}% 47
\BOOKMARK [2][-]{subsection.2.1.1}{\376\377\000T\000h\000e\000\040\000P\000r\000o\000p\000o\000s\000i\000t\000i\000o\000n\000a\000l\000\040\000l\000o\000g\000i\000c\000s}{section.2.1}% 48
\BOOKMARK [2][-]{subsection.2.1.2}{\376\377\000F\000r\000o\000m\000\040\000f\000r\000a\000m\000e\000s\000\040\000t\000o\000\040\000s\000t\000a\000t\000e\000m\000e\000n\000t\000s}{section.2.1}% 49
\BOOKMARK [2][-]{subsection.2.1.3}{\376\377\000C\000h\000a\000r\000a\000c\000t\000e\000r\000i\000z\000a\000t\000i\000o\000n}{section.2.1}% 50
\BOOKMARK [2][-]{subsection.2.1.4}{\376\377\000R\000e\000s\000t\000r\000i\000c\000t\000e\000d\000\040\000v\000a\000r\000i\000a\000b\000l\000e\000s}{section.2.1}% 51
\BOOKMARK [1][-]{section.2.2}{\376\377\000N\000a\000i\000v\000e\000\040\000s\000e\000t\000\040\000t\000h\000e\000o\000r\000y}{chapter.2}% 52
\BOOKMARK [2][-]{subsection.2.2.1}{\376\377\000D\000e\000\040\000M\000o\000r\000g\000a\000n\000'\000s\000\040\000t\000h\000e\000o\000r\000e\000m}{section.2.2}% 53
\BOOKMARK [1][-]{section.2.3}{\376\377\000F\000o\000r\000m\000a\000l\000\040\000s\000e\000t\000\040\000t\000h\000e\000o\000r\000y}{chapter.2}% 54
\BOOKMARK [2][-]{subsection.2.3.1}{\376\377\000A\000n\000\040\000i\000n\000f\000o\000r\000m\000a\000l\000\040\000v\000i\000e\000w\000\040\000o\000n\000\040\000s\000e\000t\000s}{section.2.3}% 55
\BOOKMARK [2][-]{subsection.2.3.2}{\376\377\000C\000l\000a\000s\000s\000e\000s}{section.2.3}% 56
\BOOKMARK [2][-]{subsection.2.3.3}{\376\377\000A\000x\000i\000o\000m\000a\000t\000i\000z\000a\000t\000i\000o\000n\000s}{section.2.3}% 57
\BOOKMARK [1][-]{section.2.4}{\376\377\000O\000r\000d\000e\000r\000e\000d\000\040\000p\000a\000i\000r\000s\000\040\000a\000n\000d\000\040\000r\000e\000l\000a\000t\000i\000o\000n\000s}{chapter.2}% 58
\BOOKMARK [2][-]{subsection.2.4.1}{\376\377\000E\000q\000u\000i\000v\000a\000l\000e\000n\000c\000e\000\040\000r\000e\000l\000a\000t\000i\000o\000n\000s}{section.2.4}% 59
\BOOKMARK [1][-]{section.2.5}{\376\377\000F\000u\000n\000c\000t\000i\000o\000n\000s}{chapter.2}% 60
\BOOKMARK [1][-]{section.2.6}{\376\377\000P\000r\000o\000d\000u\000c\000t\000\040\000s\000e\000t\000s\000,\000\040\000i\000n\000d\000e\000x\000\040\000n\000o\000t\000a\000t\000i\000o\000n}{chapter.2}% 61
\BOOKMARK [0][-]{chapter.3}{\376\377\000L\000i\000n\000e\000a\000r\000\040\000a\000l\000g\000e\000b\000r\000a}{part.1}% 62
\BOOKMARK [1][-]{section.3.1}{\376\377\000N\000o\000t\000a\000t\000i\000o\000n\000\040\000a\000n\000d\000\040\000s\000t\000r\000u\000c\000t\000u\000r\000e}{chapter.3}% 63
\BOOKMARK [2][-]{subsection.3.1.1}{\376\377\000A\000r\000r\000a\000y\000\040\000f\000o\000r\000m}{section.3.1}% 64
\BOOKMARK [1][-]{section.3.2}{\376\377\000V\000e\000c\000t\000o\000r\000s}{chapter.3}% 65
\BOOKMARK [2][-]{subsection.3.2.1}{\376\377\000P\000r\000o\000p\000e\000r\000t\000i\000e\000s\000\040\000o\000f\000\040\000v\000e\000c\000t\000o\000r\000s}{section.3.2}% 66
\BOOKMARK [1][-]{section.3.3}{\376\377\000M\000a\000t\000r\000i\000x}{chapter.3}% 67
\BOOKMARK [2][-]{subsection.3.3.1}{\376\377\000S\000p\000e\000c\000i\000a\000l\000\040\000m\000a\000t\000r\000i\000c\000e\000s\000,\000\040\000o\000p\000e\000r\000a\000t\000i\000o\000n\000s\000,\000\040\000a\000n\000d\000\040\000p\000r\000o\000p\000e\000r\000t\000i\000e\000s}{section.3.3}% 68
\BOOKMARK [0][-]{chapter.4}{\376\377\000P\000r\000o\000b\000a\000b\000i\000l\000i\000t\000y\000\040\000a\000n\000d\000\040\000S\000t\000a\000t\000i\000s\000t\000i\000c\000s}{part.1}% 69
\BOOKMARK [1][-]{section.4.1}{\376\377\000W\000h\000a\000t\000\040\000i\000s\000\040\000p\000r\000o\000b\000a\000b\000i\000l\000i\000t\000y\000?}{chapter.4}% 70
\BOOKMARK [2][-]{subsection.4.1.1}{\376\377\000T\000h\000e\000\040\000f\000u\000n\000d\000a\000m\000e\000n\000t\000a\000l\000\040\000p\000r\000i\000n\000c\000i\000p\000l\000e\000\040\000o\000f\000\040\000p\000r\000o\000b\000a\000b\000i\000l\000i\000t\000y}{section.4.1}% 71
\BOOKMARK [2][-]{subsection.4.1.2}{\376\377\000S\000u\000b\000j\000e\000c\000t\000i\000v\000i\000t\000y\000\040\000o\000f\000\040\000p\000r\000o\000b\000a\000b\000i\000l\000i\000t\000y}{section.4.1}% 72
\BOOKMARK [1][-]{section.4.2}{\376\377\000S\000p\000a\000c\000e\000\040\000o\000f\000\040\000p\000r\000o\000b\000a\000b\000i\000l\000i\000t\000y}{chapter.4}% 73
\BOOKMARK [1][-]{section.4.3}{\376\377\000C\000o\000m\000b\000i\000n\000a\000t\000o\000r\000i\000a\000l\000\040\000p\000r\000o\000b\000a\000b\000i\000l\000i\000t\000y}{chapter.4}% 74
\BOOKMARK [1][-]{section.4.4}{\376\377\000A\000x\000i\000o\000m\000a\000t\000i\000c\000\040\000p\000r\000o\000b\000a\000b\000i\000l\000i\000t\000y}{chapter.4}% 75
\BOOKMARK [2][-]{subsection.4.4.1}{\376\377\000A\000x\000i\000o\000m\000\040\000o\000f\000\040\000p\000r\000o\000b\000a\000b\000i\000l\000i\000t\000y}{section.4.4}% 76
\BOOKMARK [2][-]{subsection.4.4.2}{\376\377\000B\000o\000o\000l\000e\000'\000s\000\040\000i\000n\000e\000q\000u\000a\000l\000i\000t\000y}{section.4.4}% 77
\BOOKMARK [2][-]{subsection.4.4.3}{\376\377\000C\000o\000n\000d\000i\000t\000i\000o\000n\000a\000l\000\040\000p\000r\000o\000b\000a\000b\000i\000l\000i\000t\000y}{section.4.4}% 78
\BOOKMARK [1][-]{section.4.5}{\376\377\000R\000a\000n\000d\000o\000m\000\040\000v\000a\000r\000i\000a\000b\000l\000e\000s}{chapter.4}% 79
\BOOKMARK [1][-]{section.4.6}{\376\377\000E\000x\000p\000e\000c\000t\000e\000d\000\040\000v\000a\000l\000u\000e\000s}{chapter.4}% 80
\BOOKMARK [2][-]{subsection.4.6.1}{\376\377\000V\000a\000r\000i\000a\000n\000c\000e}{section.4.6}% 81
\BOOKMARK [1][-]{section.4.7}{\376\377\000S\000o\000m\000e\000\040\000d\000i\000s\000t\000r\000i\000b\000u\000t\000i\000o\000n\000\040\000f\000u\000n\000c\000t\000i\000o\000n\000s}{chapter.4}% 82
\BOOKMARK [2][-]{subsection.4.7.1}{\376\377\000B\000e\000r\000n\000o\000u\000l\000l\000i\000\040\000a\000n\000d\000\040\000b\000i\000n\000o\000m\000i\000a\000l\000\040\000d\000i\000s\000t\000r\000i\000b\000u\000t\000i\000o\000n}{section.4.7}% 83
\BOOKMARK [2][-]{subsection.4.7.2}{\376\377\000P\000o\000i\000s\000s\000o\000n\000\040\000d\000i\000s\000t\000r\000i\000b\000u\000t\000i\000o\000n}{section.4.7}% 84
\BOOKMARK [2][-]{subsection.4.7.3}{\376\377\000U\000n\000i\000f\000o\000r\000m\000\040\000d\000i\000s\000t\000r\000i\000b\000u\000t\000i\000o\000n}{section.4.7}% 85
\BOOKMARK [2][-]{subsection.4.7.4}{\376\377\000N\000o\000r\000m\000a\000l\000\040\000d\000i\000s\000t\000r\000i\000b\000u\000t\000i\000o\000n}{section.4.7}% 86
\BOOKMARK [2][-]{subsection.4.7.5}{\376\377\000E\000x\000p\000o\000n\000e\000n\000t\000i\000a\000l\000\040\000d\000i\000s\000t\000r\000i\000b\000u\000t\000i\000o\000n}{section.4.7}% 87
\BOOKMARK [2][-]{subsection.4.7.6}{\376\377\000D\000i\000s\000t\000r\000i\000b\000u\000t\000i\000o\000n\000\040\000f\000u\000n\000c\000t\000i\000o\000n\000\040\000o\000f\000\040\000v\000a\000r\000i\000a\000b\000l\000e\000s}{section.4.7}% 88
\BOOKMARK [0][-]{chapter.5}{\376\377\000M\000e\000t\000r\000i\000c\000\040\000s\000p\000a\000c\000e\000s\000,\000\040\000m\000e\000a\000s\000u\000r\000e\000\040\000t\000h\000e\000o\000r\000y}{part.1}% 89
\BOOKMARK [1][-]{section.5.1}{\376\377\000M\000e\000t\000r\000i\000c\000\040\000t\000h\000e\000o\000r\000y}{chapter.5}% 90
\BOOKMARK [2][-]{subsection.5.1.1}{\376\377\000P\000s\000e\000u\000d\000o\000m\000e\000t\000r\000i\000c\000\040\000s\000p\000a\000c\000e\000s}{section.5.1}% 91
\BOOKMARK [1][-]{section.5.2}{\376\377\000M\000e\000a\000s\000u\000r\000e}{chapter.5}% 92
\BOOKMARK [2][-]{subsection.5.2.1}{\376\377\000S\000i\000g\000m\000a\000-\000a\000l\000g\000e\000b\000r\000a}{section.5.2}% 93
\BOOKMARK [2][-]{subsection.5.2.2}{\376\377\000A\000\040\000f\000e\000w\000\040\000s\000i\000g\000m\000a\000\040\000a\000l\000g\000e\000b\000r\000a\000s}{section.5.2}% 94
\BOOKMARK [2][-]{subsection.5.2.3}{\376\377\000M\000e\000a\000s\000u\000r\000e}{section.5.2}% 95
\BOOKMARK [0][-]{chapter.6}{\376\377\000C\000o\000n\000c\000e\000n\000t\000r\000a\000t\000i\000o\000n\000\040\000i\000n\000e\000q\000u\000a\000l\000i\000t\000i\000e\000s}{part.1}% 96
\BOOKMARK [1][-]{section.6.1}{\376\377\000W\000h\000a\000t\000\040\000a\000r\000e\000\040\000c\000o\000n\000c\000e\000n\000t\000r\000a\000t\000i\000o\000n\000\040\000i\000n\000e\000q\000u\000a\000l\000i\000t\000i\000e\000s\000?}{chapter.6}% 97
\BOOKMARK [1][-]{section.6.2}{\376\377\000B\000a\000s\000i\000c\000\040\000t\000o\000o\000l\000s}{chapter.6}% 98
\BOOKMARK [2][-]{subsection.6.2.1}{\376\377\000M\000a\000r\000k\000o\000v\000'\000s\000\040\000i\000n\000e\000q\000u\000a\000l\000i\000t\000y}{section.6.2}% 99
\BOOKMARK [2][-]{subsection.6.2.2}{\376\377\000C\000h\000e\000b\000y\000s\000h\000e\000v\000'\000s\000\040\000i\000n\000e\000q\000u\000a\000l\000i\000t\000y}{section.6.2}% 100
\BOOKMARK [2][-]{subsection.6.2.3}{\376\377\000M\000c\000D\000i\000a\000r\000m\000i\000d\000'\000s\000\040\000i\000n\000e\000q\000u\000a\000l\000i\000t\000y}{section.6.2}% 101
\BOOKMARK [2][-]{subsection.6.2.4}{\376\377\000T\000h\000e\000\040\000C\000r\000a\000m\000e\000r\000-\000C\000h\000e\000r\000n\000o\000f\000f\000\040\000m\000e\000t\000h\000o\000d}{section.6.2}% 102
\BOOKMARK [0][-]{chapter.7}{\376\377\000A\000b\000s\000t\000r\000a\000c\000t\000\040\000m\000a\000t\000h\000e\000m\000a\000t\000i\000c\000s}{part.1}% 103
\BOOKMARK [1][-]{section.7.1}{\376\377\000T\000h\000e\000\040\000a\000l\000g\000e\000b\000r\000a\000\040\000o\000f\000\040\000o\000b\000j\000e\000c\000t\000s}{chapter.7}% 104
\BOOKMARK [1][-]{section.7.2}{\376\377\000O\000p\000e\000r\000a\000t\000i\000o\000n\000s}{chapter.7}% 105
\BOOKMARK [1][-]{section.7.3}{\376\377\000A\000l\000g\000e\000b\000r\000a\000i\000c\000\040\000s\000t\000r\000u\000c\000t\000u\000r\000e\000s}{chapter.7}% 106
\BOOKMARK [0][-]{chapter.8}{\376\377\000C\000a\000t\000e\000g\000o\000r\000y\000\040\000t\000h\000e\000o\000r\000y}{part.1}% 107
\BOOKMARK [1][-]{section.8.1}{\376\377\000I\000n\000t\000r\000o\000d\000u\000c\000t\000i\000o\000n\000\040\000t\000o\000\040\000F\000u\000n\000c\000t\000i\000o\000n\000s}{chapter.8}% 108
\BOOKMARK [1][-]{section.8.2}{\376\377\000C\000a\000t\000e\000g\000o\000r\000y\000\040\000a\000n\000d\000\040\000P\000r\000e\000c\000a\000t\000e\000g\000o\000r\000y}{chapter.8}% 109
\BOOKMARK [1][-]{section.8.3}{\376\377\000F\000u\000n\000c\000t\000o\000r\000s}{chapter.8}% 110
\BOOKMARK [1][-]{section.8.4}{\376\377\000E\000x\000a\000m\000p\000l\000e\000s\000\040\000o\000f\000\040\000C\000a\000t\000e\000g\000o\000r\000y}{chapter.8}% 111
\BOOKMARK [2][-]{subsection.8.4.1}{\376\377\000U\000n\000i\000t\000a\000l\000\040\000R\000i\000n\000g}{section.8.4}% 112
\BOOKMARK [2][-]{subsection.8.4.2}{\376\377\000G\000r\000o\000u\000p\000\040\000a\000n\000d\000\040\000M\000o\000n\000o\000i\000d}{section.8.4}% 113
\BOOKMARK [1][-]{section.8.5}{\376\377\000I\000n\000v\000e\000s\000t\000i\000g\000a\000t\000i\000o\000n\000\040\000o\000n\000\040\000M\000o\000r\000p\000h\000i\000s\000m}{chapter.8}% 114
\BOOKMARK [2][-]{subsection.8.5.1}{\376\377\000T\000o\000t\000a\000l\000\040\000M\000o\000r\000p\000h\000i\000s\000m}{section.8.5}% 115
\BOOKMARK [2][-]{subsection.8.5.2}{\376\377\000H\000o\000m\000o\000m\000o\000r\000p\000h\000i\000s\000m}{section.8.5}% 116
\BOOKMARK [2][-]{subsection.8.5.3}{\376\377\000I\000s\000o\000m\000o\000r\000p\000h\000i\000s\000m}{section.8.5}% 117
\BOOKMARK [0][-]{chapter.9}{\376\377\000D\000i\000f\000f\000e\000r\000e\000n\000t\000i\000a\000l\000\040\000m\000a\000t\000h\000e\000m\000a\000t\000i\000c\000s}{part.1}% 118
\BOOKMARK [1][-]{section.9.1}{\376\377\000T\000h\000e\000\040\000d\000i\000f\000f\000e\000r\000e\000n\000t\000i\000a\000l\000\040\000e\000q\000u\000a\000t\000i\000o\000n}{chapter.9}% 119
\BOOKMARK [1][-]{section.9.2}{\376\377\000F\000i\000r\000s\000t\000\040\000O\000r\000d\000e\000r\000\040\000E\000q\000u\000a\000t\000i\000o\000n\000s}{chapter.9}% 120
\BOOKMARK [2][-]{subsection.9.2.1}{\376\377\000T\000h\000e\000\040\000E\000x\000p\000o\000n\000e\000n\000t\000i\000a\000l\000\040\000f\000u\000n\000c\000t\000i\000o\000n}{section.9.2}% 121
\BOOKMARK [2][-]{subsection.9.2.2}{\376\377\000L\000i\000n\000e\000a\000r\000\040\000D\000i\000f\000f\000e\000r\000e\000n\000t\000i\000a\000l\000\040\000E\000q\000u\000a\000t\000i\000o\000n\000s}{section.9.2}% 122
\BOOKMARK [2][-]{subsection.9.2.3}{\376\377\000T\000h\000e\000\040\000I\000n\000t\000e\000g\000r\000a\000t\000i\000n\000g\000\040\000F\000a\000c\000t\000o\000r\000\040\000M\000e\000t\000h\000o\000d}{section.9.2}% 123
\BOOKMARK [2][-]{subsection.9.2.4}{\376\377\000T\000h\000e\000\040\000I\000n\000i\000t\000i\000a\000l\000\040\000V\000a\000l\000u\000e\000\040\000P\000r\000o\000b\000l\000e\000m}{section.9.2}% 124
\BOOKMARK [2][-]{subsection.9.2.5}{\376\377\000L\000i\000n\000e\000a\000r\000\040\000V\000a\000r\000i\000a\000b\000l\000e\000\040\000C\000o\000e\000f\000f\000i\000c\000i\000e\000n\000t\000\040\000E\000q\000u\000a\000t\000i\000o\000n}{section.9.2}% 125
\BOOKMARK [2][-]{subsection.9.2.6}{\376\377\000T\000h\000e\000\040\000B\000e\000r\000n\000o\000u\000l\000l\000i\000\040\000E\000q\000u\000a\000t\000i\000o\000n}{section.9.2}% 126
\BOOKMARK [1][-]{section.9.3}{\376\377\000S\000e\000p\000e\000r\000a\000b\000l\000e\000\040\000E\000q\000u\000a\000t\000i\000o\000n\000s}{chapter.9}% 127
\BOOKMARK [2][-]{subsection.9.3.1}{\376\377\000E\000u\000l\000e\000r\000\040\000H\000o\000m\000o\000g\000e\000n\000e\000o\000u\000s\000\040\000E\000q\000u\000a\000t\000i\000o\000n\000s}{section.9.3}% 128
\BOOKMARK [1][-]{section.9.4}{\376\377\000E\000x\000a\000c\000t\000\040\000D\000i\000f\000f\000e\000r\000e\000n\000t\000i\000a\000l\000\040\000E\000q\000u\000a\000t\000i\000o\000n}{chapter.9}% 129
\BOOKMARK [2][-]{subsection.9.4.1}{\376\377\000E\000x\000a\000c\000t\000\040\000E\000q\000u\000a\000t\000i\000o\000n}{section.9.4}% 130
\BOOKMARK [2][-]{subsection.9.4.2}{\376\377\000E\000x\000a\000c\000t\000\040\000S\000o\000l\000u\000t\000i\000o\000n}{section.9.4}% 131
\BOOKMARK [2][-]{subsection.9.4.3}{\376\377\000G\000e\000o\000m\000e\000t\000r\000i\000c\000a\000l\000\040\000I\000n\000t\000e\000r\000p\000r\000e\000t\000a\000t\000i\000o\000n\000s}{section.9.4}% 132
\BOOKMARK [2][-]{subsection.9.4.4}{\376\377\000S\000e\000m\000i\000-\000e\000x\000a\000c\000t\000\040\000e\000q\000u\000a\000t\000i\000o\000n\000s}{section.9.4}% 133
\BOOKMARK [2][-]{subsection.9.4.5}{\376\377\000E\000q\000u\000a\000t\000i\000o\000n\000\040\000f\000o\000r\000\040\000i\000n\000v\000e\000r\000s\000e\000\040\000f\000u\000n\000c\000t\000i\000o\000n}{section.9.4}% 134
\BOOKMARK [1][-]{section.9.5}{\376\377\000C\000o\000n\000c\000l\000u\000s\000i\000o\000n}{chapter.9}% 135
\BOOKMARK [-1][-]{part.2}{\376\377\000I\000I\000\040\000M\000a\000i\000n}{}% 136
\BOOKMARK [0][-]{chapter.10}{\376\377\000C\000l\000a\000s\000s\000i\000c\000a\000l\000\040\000m\000a\000t\000h\000e\000m\000a\000t\000i\000c\000a\000l\000\040\000m\000o\000d\000e\000l\000l\000i\000n\000g}{part.2}% 137
\BOOKMARK [1][-]{section.10.1}{\376\377\000T\000h\000e\000\040\000s\000u\000p\000p\000o\000s\000e\000d\000\040\000g\000o\000a\000l\000\040\000o\000f\000\040\000m\000o\000d\000e\000l\000l\000i\000n\000g}{chapter.10}% 138
\BOOKMARK [1][-]{section.10.2}{\376\377\000M\000o\000d\000e\000l\000s\000,\000\040\000s\000y\000s\000t\000e\000m\000s\000,\000\040\000a\000n\000d\000\040\000q\000u\000e\000s\000t\000i\000o\000n\000s}{chapter.10}% 139
\BOOKMARK [2][-]{subsection.10.2.1}{\376\377\000T\000h\000e\000\040\000m\000o\000d\000e\000l\000l\000i\000n\000g\000\040\000s\000c\000h\000e\000m\000e}{section.10.2}% 140
\BOOKMARK [2][-]{subsection.10.2.2}{\376\377\000S\000i\000m\000u\000l\000a\000t\000i\000o\000n}{section.10.2}% 141
\BOOKMARK [2][-]{subsection.10.2.3}{\376\377\000S\000y\000s\000t\000e\000m}{section.10.2}% 142
\BOOKMARK [2][-]{subsection.10.2.4}{\376\377\000C\000o\000n\000c\000e\000p\000t\000u\000a\000l\000\040\000a\000n\000d\000\040\000p\000h\000y\000s\000i\000c\000a\000l\000\040\000m\000o\000d\000e\000l}{section.10.2}% 143
\BOOKMARK [1][-]{section.10.3}{\376\377\000M\000a\000t\000h\000e\000m\000a\000t\000i\000c\000a\000l\000\040\000m\000o\000d\000e\000l\000s}{chapter.10}% 144
\BOOKMARK [2][-]{subsection.10.3.1}{\376\377\000D\000e\000f\000i\000n\000i\000t\000i\000o\000n\000s}{section.10.3}% 145
\BOOKMARK [2][-]{subsection.10.3.2}{\376\377\000S\000t\000a\000t\000e\000\040\000v\000a\000r\000i\000a\000b\000l\000e\000s\000\040\000a\000n\000d\000\040\000s\000y\000s\000t\000e\000m\000\040\000p\000a\000r\000a\000m\000e\000t\000e\000r\000s}{section.10.3}% 146
\BOOKMARK [2][-]{subsection.10.3.3}{\376\377\000T\000h\000e\000\040\000P\000r\000o\000b\000l\000e\000m\000-\000S\000o\000l\000v\000i\000n\000g\000\040\000S\000c\000h\000e\000m\000e}{section.10.3}% 147
\BOOKMARK [2][-]{subsection.10.3.4}{\376\377\000T\000h\000e\000\040\000b\000l\000a\000c\000k\000-\000b\000o\000x\000\040\000i\000n\000t\000e\000r\000p\000r\000e\000t\000a\000t\000i\000o\000n}{section.10.3}% 148
\BOOKMARK [1][-]{section.10.4}{\376\377\000F\000l\000a\000v\000o\000u\000r\000s\000\040\000o\000f\000\040\000m\000o\000d\000e\000l\000l\000i\000n\000g\000\040\000d\000e\000f\000i\000n\000i\000t\000i\000o\000n\000s}{chapter.10}% 149
\BOOKMARK [2][-]{subsection.10.4.1}{\376\377\000P\000h\000e\000n\000o\000m\000e\000n\000o\000l\000o\000g\000y\000\040\000a\000n\000d\000\040\000M\000e\000c\000h\000a\000n\000i\000s\000t\000i\000c}{section.10.4}% 150
\BOOKMARK [2][-]{subsection.10.4.2}{\376\377\000S\000t\000a\000t\000i\000o\000n\000a\000r\000y\000\040\000a\000n\000d\000\040\000u\000n\000s\000t\000a\000t\000i\000o\000n\000a\000r\000y\000\040\000m\000o\000d\000e\000l\000s}{section.10.4}% 151
\BOOKMARK [2][-]{subsection.10.4.3}{\376\377\000C\000l\000a\000s\000s\000i\000f\000i\000c\000a\000t\000i\000o\000n\000\040\000o\000f\000\040\000m\000o\000d\000e\000l\000s}{section.10.4}% 152
\BOOKMARK [1][-]{section.10.5}{\376\377\000T\000h\000e\000\040\000d\000o\000n\000'\000t\000s\000\040\000o\000f\000\040\000m\000a\000t\000h\000e\000m\000a\000t\000i\000c\000a\000l\000\040\000m\000o\000d\000e\000l\000l\000i\000n\000g}{chapter.10}% 153
\BOOKMARK [1][-]{section.10.6}{\376\377\000C\000o\000n\000c\000l\000u\000s\000i\000o\000n}{chapter.10}% 154
\BOOKMARK [1][-]{section.10.7}{\376\377\000A\000p\000p\000e\000n\000d\000i\000x}{chapter.10}% 155
\BOOKMARK [2][-]{subsection.10.7.1}{\376\377\000L\000i\000n\000e\000a\000r\000\040\000p\000r\000o\000g\000r\000a\000m\000m\000i\000n\000g}{section.10.7}% 156
\BOOKMARK [0][-]{chapter.11}{\376\377\000C\000o\000m\000p\000u\000t\000a\000t\000i\000o\000n\000a\000l\000\040\000p\000h\000i\000l\000o\000s\000o\000p\000h\000y}{part.2}% 157
\BOOKMARK [1][-]{section.11.1}{\376\377\000T\000h\000e\000\040\000q\000u\000e\000s\000t\000i\000o\000n\000\040\000o\000f\000\040\000c\000o\000m\000p\000u\000t\000a\000t\000i\000o\000n}{chapter.11}% 158
\BOOKMARK [1][-]{section.11.2}{\376\377\000C\000o\000m\000p\000u\000t\000a\000t\000i\000o\000n\000\040\000a\000t\000\040\000t\000h\000e\000\040\000f\000i\000r\000s\000t\000\040\000l\000e\000v\000e\000l}{chapter.11}% 159
\BOOKMARK [2][-]{subsection.11.2.1}{\376\377\000C\000a\000l\000c\000u\000l\000a\000t\000i\000o\000n}{section.11.2}% 160
\BOOKMARK [1][-]{section.11.3}{\376\377\000I\000n\000s\000p\000e\000c\000t\000i\000n\000g\000\040\000c\000o\000m\000p\000u\000t\000a\000t\000i\000o\000n}{chapter.11}% 161
\BOOKMARK [2][-]{subsection.11.3.1}{\376\377\000Q\000u\000i\000c\000k\000\040\000h\000i\000s\000t\000o\000r\000y}{section.11.3}% 162
\BOOKMARK [2][-]{subsection.11.3.2}{\376\377\000M\000o\000d\000e\000r\000n\000\040\000h\000i\000s\000t\000o\000r\000y\000\040\000\050\0001\0009\0000\0000\000s\000\040\040\024\000\040\000C\000u\000r\000r\000e\000n\000t\000\051\000\040\000-\000\040\000C\000o\000m\000p\000u\000t\000a\000t\000i\000o\000n\000a\000l\000\040\000t\000h\000e\000o\000r\000y\000\040\000o\000f\000\040\000m\000i\000n\000d}{section.11.3}% 163
\BOOKMARK [2][-]{subsection.11.3.3}{\376\377\000A\000b\000s\000t\000r\000a\000c\000t\000i\000o\000n\000\040\000o\000f\000\040\000c\000o\000m\000p\000u\000t\000a\000t\000i\000o\000n\000a\000l\000\040\000p\000r\000o\000c\000e\000s\000s\000e\000s}{section.11.3}% 164
\BOOKMARK [2][-]{subsection.11.3.4}{\376\377\000I\000n\000s\000p\000e\000c\000t\000i\000n\000g\000\040\000a\000b\000s\000t\000r\000a\000c\000t\000i\000o\000n}{section.11.3}% 165
\BOOKMARK [0][-]{chapter.12}{\376\377\000C\000l\000a\000s\000s\000i\000c\000a\000l\000\040\000l\000e\000a\000r\000n\000i\000n\000g\000\040\000t\000h\000e\000o\000r\000y}{part.2}% 166
\BOOKMARK [1][-]{section.12.1}{\376\377\000B\000e\000f\000o\000r\000e\000\040\000t\000h\000e\000\040\000l\000e\000a\000r\000n\000i\000n\000g\000\040\000t\000h\000e\000o\000r\000y}{chapter.12}% 167
\BOOKMARK [1][-]{section.12.2}{\376\377\000P\000r\000i\000n\000c\000i\000p\000l\000e}{chapter.12}% 168
\BOOKMARK [1][-]{section.12.3}{\376\377\000C\000l\000a\000s\000s\000i\000c\000a\000l\000\040\000t\000h\000e\000o\000r\000y}{chapter.12}% 169
\BOOKMARK [2][-]{subsection.12.3.1}{\376\377\000C\000o\000n\000c\000e\000p\000t\000\040\000a\000n\000d\000\040\000h\000y\000p\000o\000t\000h\000e\000s\000i\000s}{section.12.3}% 170
\BOOKMARK [2][-]{subsection.12.3.2}{\376\377\000P\000h\000e\000n\000o\000m\000e\000n\000o\000l\000o\000g\000i\000c\000a\000l\000\040\000a\000b\000e\000r\000r\000a\000t\000i\000o\000n}{section.12.3}% 171
\BOOKMARK [2][-]{subsection.12.3.3}{\376\377\000S\000t\000a\000t\000i\000s\000t\000i\000c\000a\000l\000\040\000l\000e\000a\000r\000n\000i\000n\000g\000\040\000p\000r\000o\000b\000l\000e\000m\000\040\000c\000l\000a\000s\000s}{section.12.3}% 172
\BOOKMARK [2][-]{subsection.12.3.4}{\376\377\000E\000s\000t\000i\000m\000a\000t\000i\000o\000n\000\040\000a\000n\000d\000\040\000a\000p\000p\000r\000o\000x\000i\000m\000a\000t\000i\000o\000n\000\040\000e\000r\000r\000o\000r}{section.12.3}% 173
\BOOKMARK [1][-]{section.12.4}{\376\377\000S\000t\000r\000u\000c\000t\000u\000r\000a\000l\000\040\000e\000x\000a\000m\000p\000l\000e\000\040\000o\000f\000\040\000l\000e\000a\000r\000n\000i\000n\000g\000\040\000s\000e\000t\000t\000i\000n\000g}{chapter.12}% 174
\BOOKMARK [2][-]{subsection.12.4.1}{\376\377\000F\000i\000r\000s\000t\000\040\000s\000e\000c\000t\000i\000o\000n}{section.12.4}% 175
\BOOKMARK [2][-]{subsection.12.4.2}{\376\377\000S\000e\000c\000o\000n\000d\000\040\000s\000e\000c\000t\000i\000o\000n}{section.12.4}% 176
\BOOKMARK [2][-]{subsection.12.4.3}{\376\377\000T\000h\000i\000r\000d\000\040\000s\000e\000c\000t\000i\000o\000n}{section.12.4}% 177
\BOOKMARK [2][-]{subsection.12.4.4}{\376\377\000U\000n\000i\000f\000o\000r\000m\000\040\000c\000o\000n\000v\000e\000r\000g\000e\000n\000c\000e}{section.12.4}% 178
\BOOKMARK [1][-]{section.12.5}{\376\377\000P\000r\000o\000b\000l\000e\000m\000s}{chapter.12}% 179
\BOOKMARK [2][-]{subsection.12.5.1}{\376\377\000D\000a\000t\000a\000\040\000a\000n\000d\000\040\000t\000h\000e\000\040\000g\000e\000n\000e\000r\000a\000l\000\040\000s\000e\000t\000t\000i\000n\000g}{section.12.5}% 180
\BOOKMARK [2][-]{subsection.12.5.2}{\376\377\000O\000b\000s\000e\000r\000v\000a\000t\000i\000o\000n\000a\000l\000\040\000p\000a\000r\000t\000i\000t\000i\000o\000n\000i\000n\000g}{section.12.5}% 181
\BOOKMARK [2][-]{subsection.12.5.3}{\376\377\000C\000l\000a\000r\000i\000t\000y\000\040\000o\000f\000\040\000f\000r\000a\000m\000e\000w\000o\000r\000k\000s}{section.12.5}% 182
\BOOKMARK [1][-]{section.12.6}{\376\377\000L\000e\000a\000r\000n\000i\000n\000g\000\040\000c\000r\000i\000t\000e\000r\000i\000a\000\040\000o\000n\000\040\000t\000i\000m\000e\000\040\000-\000\040\000P\000A\000C\000\040\000t\000h\000e\000o\000r\000y}{chapter.12}% 183
\BOOKMARK [2][-]{subsection.12.6.1}{\376\377\000C\000l\000a\000s\000s\000i\000c\000a\000l\000\040\000P\000A\000C\000-\000l\000e\000a\000r\000n\000i\000n\000g}{section.12.6}% 184
\BOOKMARK [1][-]{section.12.7}{\376\377\000G\000e\000n\000e\000r\000a\000l\000i\000z\000a\000t\000i\000o\000n\000\040\000b\000o\000u\000n\000d\000\040\000f\000o\000r\000\040\000P\000A\000C\000-\000l\000e\000a\000r\000n\000i\000n\000g}{chapter.12}% 185
\BOOKMARK [2][-]{subsection.12.7.1}{\376\377\000C\000o\000n\000s\000i\000s\000t\000e\000n\000t\000\040\000L\000e\000a\000r\000n\000i\000n\000g}{section.12.7}% 186
\BOOKMARK [2][-]{subsection.12.7.2}{\376\377\000F\000i\000n\000i\000t\000e\000\040\000H\000,\000\040\000c\000o\000n\000s\000i\000s\000t\000e\000n\000t\000\040\000h\000y\000p\000o\000t\000h\000e\000s\000i\000s}{section.12.7}% 187
\BOOKMARK [2][-]{subsection.12.7.3}{\376\377\000E\000x\000a\000m\000p\000l\000e\000s}{section.12.7}% 188
\BOOKMARK [2][-]{subsection.12.7.4}{\376\377\000F\000i\000n\000i\000t\000e\000\040\000h\000y\000p\000o\000t\000h\000e\000s\000i\000s\000\040\000s\000e\000t\000s\000\040\000H\000\040\000-\000\040\000i\000n\000c\000o\000n\000s\000i\000s\000t\000e\000n\000t\000\040\000c\000a\000s\000e}{section.12.7}% 189
\BOOKMARK [1][-]{section.12.8}{\376\377\000\050\000A\000g\000n\000o\000s\000t\000i\000c\000\051\000\040\000G\000e\000n\000e\000r\000a\000l\000\040\000P\000A\000C\000-\000l\000e\000a\000r\000n\000i\000n\000g}{chapter.12}% 190
\BOOKMARK [2][-]{subsection.12.8.1}{\376\377\000P\000A\000C\000-\000E\000R\000M\000\040\000b\000o\000u\000n\000d\000s}{section.12.8}% 191
\BOOKMARK [2][-]{subsection.12.8.2}{\376\377\000N\000o\000i\000s\000e}{section.12.8}% 192
\BOOKMARK [1][-]{section.12.9}{\376\377\000O\000c\000c\000a\000m\000'\000s\000\040\000R\000a\000z\000o\000r}{chapter.12}% 193
\BOOKMARK [2][-]{subsection.12.9.1}{\376\377\000O\000c\000c\000a\000m\000\040\000L\000e\000a\000r\000n\000i\000n\000g\000\040\000a\000n\000d\000\040\000S\000u\000c\000c\000i\000n\000c\000t\000n\000e\000s\000s}{section.12.9}% 194
\BOOKMARK [2][-]{subsection.12.9.2}{\376\377\000T\000h\000e\000\040\000B\000o\000o\000l\000e\000a\000n\000\040\000c\000o\000n\000j\000u\000n\000c\000t\000i\000o\000n\000\040\000l\000e\000a\000r\000n\000i\000n\000g\000\040\000p\000r\000o\000b\000l\000e\000m\000\040\000\050\000O\000c\000c\000a\000m\000'\000s\000\040\000a\000l\000g\000o\000r\000i\000t\000h\000m\000\051}{section.12.9}% 195
\BOOKMARK [1][-]{section.12.10}{\376\377\000R\000a\000d\000e\000m\000a\000c\000h\000e\000r\000\040\000C\000o\000m\000p\000l\000e\000x\000i\000t\000y}{chapter.12}% 196
\BOOKMARK [2][-]{subsection.12.10.1}{\376\377\000R\000a\000d\000e\000m\000a\000c\000h\000e\000r\000\040\000d\000e\000s\000c\000r\000i\000p\000t\000i\000o\000n\000s}{section.12.10}% 197
\BOOKMARK [2][-]{subsection.12.10.2}{\376\377\000G\000r\000o\000w\000t\000h\000\040\000f\000u\000n\000c\000t\000i\000o\000n}{section.12.10}% 198
\BOOKMARK [1][-]{section.12.11}{\376\377\000V\000a\000p\000n\000i\000k\000-\000C\000h\000e\000r\000v\000o\000n\000e\000n\000k\000i\000s\000\040\000T\000h\000e\000o\000r\000y}{chapter.12}% 199
\BOOKMARK [2][-]{subsection.12.11.1}{\376\377\000C\000l\000a\000r\000i\000f\000i\000c\000a\000t\000i\000o\000n\000\040\000o\000f\000\040\000t\000h\000e\000\040\000l\000i\000n\000e\000a\000r\000\040\000h\000a\000l\000f\000s\000p\000a\000c\000e\000s}{section.12.11}% 200
\BOOKMARK [2][-]{subsection.12.11.2}{\376\377\000V\000C\000-\000d\000i\000m\000e\000n\000s\000i\000o\000n}{section.12.11}% 201
\BOOKMARK [1][-]{section.12.12}{\376\377\000V\000C\000-\000l\000o\000w\000e\000r\000\040\000b\000o\000u\000n\000d\000s}{chapter.12}% 202
\BOOKMARK [1][-]{section.12.13}{\376\377\000C\000o\000n\000c\000l\000u\000s\000i\000o\000n}{chapter.12}% 203
\BOOKMARK [0][-]{chapter.13}{\376\377\000I\000n\000t\000r\000o\000d\000u\000c\000t\000i\000o\000n\000\040\000t\000o\000\040\000c\000l\000a\000s\000s\000i\000c\000a\000l\000\040\000c\000o\000n\000n\000e\000c\000t\000i\000o\000n\000i\000s\000m}{part.2}% 204
\BOOKMARK [1][-]{section.13.1}{\376\377\000B\000i\000o\000l\000o\000g\000i\000c\000a\000l\000\040\000i\000n\000s\000p\000i\000r\000a\000t\000i\000o\000n}{chapter.13}% 205
\BOOKMARK [1][-]{section.13.2}{\376\377\000T\000h\000e\000\040\000n\000e\000u\000r\000o\000n\000\040\000m\000o\000d\000e\000l}{chapter.13}% 206
\BOOKMARK [2][-]{subsection.13.2.1}{\376\377\000P\000r\000i\000n\000c\000i\000p\000l\000e\000s\000\040\000a\000n\000d\000\040\000p\000h\000i\000l\000o\000s\000o\000p\000h\000y}{section.13.2}% 207
\BOOKMARK [2][-]{subsection.13.2.2}{\376\377\000C\000l\000a\000s\000s\000\040\000s\000e\000p\000a\000r\000a\000t\000i\000o\000n}{section.13.2}% 208
\BOOKMARK [1][-]{section.13.3}{\376\377\000N\000o\000t\000a\000t\000i\000o\000n}{chapter.13}% 209
\BOOKMARK [1][-]{section.13.4}{\376\377\000C\000l\000a\000s\000s\000i\000c\000a\000l\000\040\000n\000e\000u\000r\000o\000n\000\040\000t\000e\000m\000p\000l\000a\000t\000e}{chapter.13}% 210
\BOOKMARK [1][-]{section.13.5}{\376\377\000C\000l\000a\000s\000s\000\040\000N\0000\000\040\000s\000i\000m\000p\000l\000e\000x}{chapter.13}% 211
\BOOKMARK [2][-]{subsection.13.5.1}{\376\377\000C\000h\000a\000i\000n\000i\000n\000g\000\040\000s\000t\000a\000n\000d\000a\000r\000d\000\040\000u\000n\000i\000t}{section.13.5}% 212
\BOOKMARK [1][-]{section.13.6}{\376\377\000C\000l\000a\000s\000s\000\040\000N\0001\000\040\000s\000i\000m\000p\000l\000e\000x}{chapter.13}% 213
\BOOKMARK [2][-]{subsection.13.6.1}{\376\377\000M\000c\000C\000u\000l\000l\000o\000c\000h\000-\000P\000i\000t\000t\000s\000\040\000m\000u\000l\000t\000i\000v\000a\000r\000i\000a\000t\000e}{section.13.6}% 214
\BOOKMARK [2][-]{subsection.13.6.2}{\376\377\000M\000i\000n\000s\000k\000y\000-\000P\000a\000p\000e\000r\000t\000\040\000P\000e\000r\000c\000e\000p\000t\000r\000o\000n}{section.13.6}% 215
\BOOKMARK [0][-]{chapter.14}{\376\377\000C\000a\000s\000e\000\040\000s\000t\000u\000d\000y\000\040\000-\000\040\000c\000l\000a\000s\000s\000i\000c\000a\000l\000\040\000p\000h\000y\000s\000i\000c\000s}{part.2}% 216
\BOOKMARK [0][-]{chapter.15}{\376\377\000C\000a\000s\000e\000\040\000s\000t\000u\000d\000y\000\040\0002\000\040\000-\000\040\000q\000u\000a\000n\000t\000u\000m\000\040\000p\000h\000y\000s\000i\000c\000s}{part.2}% 217
\BOOKMARK [1][-]{section.15.1}{\376\377\000M\000a\000t\000h\000e\000m\000a\000t\000i\000c\000a\000l\000\040\000p\000r\000e\000l\000i\000m\000i\000n\000a\000r\000i\000e\000s}{chapter.15}% 218
\BOOKMARK [1][-]{section.15.2}{\376\377\000L\000i\000n\000e\000a\000r\000\040\000a\000n\000d\000\040\000i\000n\000n\000e\000r\000\040\000v\000e\000c\000t\000o\000r\000\040\000s\000p\000a\000c\000e\000s}{chapter.15}% 219
\BOOKMARK [2][-]{subsection.15.2.1}{\376\377\000D\000u\000a\000l\000\040\000s\000p\000a\000c\000e\000s\000\040\000a\000n\000d\000\040\000D\000i\000r\000a\000c\000\040\000n\000o\000t\000a\000t\000i\000o\000n}{section.15.2}% 220
\BOOKMARK [2][-]{subsection.15.2.2}{\376\377\000O\000p\000e\000r\000a\000t\000o\000r\000s}{section.15.2}% 221
\BOOKMARK [2][-]{subsection.15.2.3}{\376\377\000C\000o\000m\000m\000u\000t\000a\000t\000o\000r}{section.15.2}% 222
\BOOKMARK [2][-]{subsection.15.2.4}{\376\377\000H\000e\000r\000m\000i\000t\000i\000a\000n\000\040\000o\000p\000e\000r\000a\000t\000o\000r\000s}{section.15.2}% 223
\BOOKMARK [0][-]{chapter.16}{\376\377\000N\000o\000v\000e\000l\000\040\000l\000e\000a\000r\000n\000i\000n\000g\000\040\000t\000h\000e\000o\000r\000y}{part.2}% 224
\BOOKMARK [1][-]{section.16.1}{\376\377\000M\000o\000t\000i\000v\000a\000t\000i\000o\000n}{chapter.16}% 225
\BOOKMARK [1][-]{section.16.2}{\376\377\000P\000r\000i\000n\000c\000i\000p\000l\000e}{chapter.16}% 226
\BOOKMARK [2][-]{subsection.16.2.1}{\376\377\000P\000l\000a\000n\000n\000i\000n\000g}{section.16.2}% 227
\BOOKMARK [1][-]{section.16.3}{\376\377\000S\000y\000s\000t\000e\000m\000\040\000s\000p\000a\000c\000e}{chapter.16}% 228
\BOOKMARK [2][-]{subsection.16.3.1}{\376\377\000G\000r\000o\000u\000n\000d\000w\000o\000r\000k\000\040\000o\000f\000\040\000s\000y\000s\000t\000e\000m\000s}{section.16.3}% 229
\BOOKMARK [2][-]{subsection.16.3.2}{\376\377\000C\000a\000r\000d\000i\000n\000a\000l\000i\000t\000y\000\040\000s\000p\000a\000c\000e}{section.16.3}% 230
\BOOKMARK [2][-]{subsection.16.3.3}{\376\377\000P\000r\000o\000b\000a\000b\000i\000l\000i\000t\000y}{section.16.3}% 231
\BOOKMARK [1][-]{section.16.4}{\376\377\000T\000h\000e\000\040\000c\000o\000n\000c\000e\000p\000t\000\040\000o\000f\000\040\000l\000e\000a\000r\000n\000i\000n\000g}{chapter.16}% 232
\BOOKMARK [-1][-]{part.3}{\376\377\000I\000I\000I\000\040\000R\000e\000s\000e\000a\000r\000c\000h}{}% 233
\BOOKMARK [0][-]{section.16.5}{\376\377\000R\000e\000s\000e\000a\000r\000c\000h\000\040\000t\000o\000p\000i\000c\000s\000\040\000a\000n\000d\000\040\000o\000r\000g\000a\000n\000i\000z\000a\000t\000i\000o\000n}{part.3}% 234
\BOOKMARK [1][-]{section.16.6}{\376\377\000R\000e\000s\000e\000a\000r\000c\000h\000\040\000e\000n\000t\000r\000i\000e\000s}{section.16.5}% 235
\BOOKMARK [2][-]{subsection.16.6.1}{\376\377\000C\000o\000n\000s\000t\000r\000u\000c\000t\000i\000o\000n\000s}{section.16.6}% 236
\BOOKMARK [0][-]{chapter.17}{\376\377\000D\000o\000u\000b\000l\000e\000\040\000D\000e\000s\000c\000e\000n\000t}{part.3}% 237
\BOOKMARK [1][-]{etoc@tocid.2}{\376\377\000C\000o\000n\000t\000e\000n\000t\000s}{chapter.17}% 238
\BOOKMARK [1][-]{section.17.1}{\376\377\000I\000n\000t\000r\000o\000d\000u\000c\000t\000i\000o\000n}{chapter.17}% 239
\BOOKMARK [1][-]{section.17.2}{\376\377\000D\000o\000u\000b\000l\000e\000\040\000d\000e\000s\000c\000e\000n\000t\000,\000\040\000t\000h\000e\000\040\000p\000r\000o\000b\000l\000e\000m}{chapter.17}% 240
\BOOKMARK [1][-]{section.17.3}{\376\377\000P\000r\000e\000v\000i\000o\000u\000s\000\040\000a\000t\000t\000e\000m\000p\000t\000s}{chapter.17}% 241
\BOOKMARK [1][-]{section.17.4}{\376\377\000P\000r\000e\000v\000i\000o\000u\000s\000\040\000s\000u\000g\000g\000e\000s\000t\000i\000o\000n\000s}{chapter.17}% 242
\BOOKMARK [1][-]{section.17.5}{\376\377\000O\000b\000s\000e\000r\000v\000a\000t\000i\000o\000n\000s\000\040\000a\000n\000d\000\040\000v\000e\000r\000i\000f\000i\000c\000a\000t\000i\000o\000n\000s}{chapter.17}% 243
\BOOKMARK [1][-]{section.17.6}{\376\377\000E\000x\000p\000e\000r\000i\000m\000e\000n\000t\000a\000l\000\040\000i\000n\000s\000t\000r\000u\000c\000t\000i\000o\000n}{chapter.17}% 244
\BOOKMARK [1][-]{section.17.7}{\376\377\000N\000e\000w\000\040\000t\000h\000e\000o\000r\000e\000t\000i\000c\000a\000l\000\040\000a\000n\000a\000l\000y\000s\000i\000s}{chapter.17}% 245
\BOOKMARK [1][-]{section.17.8}{\376\377\000P\000o\000l\000y\000n\000o\000m\000i\000a\000l\000\040\000t\000e\000s\000t\000i\000n\000g\000\040\000p\000s\000e\000u\000d\000o\000c\000o\000d\000e\000s\000\040\000a\000n\000d\000\040\000s\000e\000t\000t\000i\000n\000g\000s}{chapter.17}% 246
\BOOKMARK [1][-]{section.17.9}{\376\377\000A\000p\000p\000e\000n\000d\000i\000x\000\040\000A\000.\000\040\000R\000e\000p\000r\000e\000s\000e\000n\000t\000a\000t\000i\000o\000n\000\040\000s\000c\000h\000e\000m\000e}{chapter.17}% 247
\BOOKMARK [1][-]{section.17.10}{\376\377\000A\000p\000p\000e\000n\000d\000i\000x\000\040\000B\000.\000\040\000G\000r\000a\000p\000h\000\040\000t\000h\000e\000o\000r\000e\000t\000i\000c\000a\000l\000\040\000a\000n\000a\000l\000y\000s\000i\000s}{chapter.17}% 248
\BOOKMARK [1][-]{section.17.11}{\376\377\000R\000e\000l\000a\000t\000e\000d\000\040\000w\000o\000r\000k\000s}{chapter.17}% 249
\BOOKMARK [0][-]{chapter.18}{\376\377\000A\000p\000p\000r\000o\000x\000i\000m\000a\000t\000i\000o\000n\000\040\000t\000h\000e\000o\000r\000y}{part.3}% 250
\BOOKMARK [1][-]{section.18.1}{\376\377\000F\000u\000n\000d\000a\000m\000e\000n\000t\000a\000l\000\040\000k\000n\000o\000w\000l\000e\000d\000g\000e}{chapter.18}% 251
\BOOKMARK [1][-]{section.18.2}{\376\377\000A\000l\000g\000e\000b\000r\000a\000i\000c\000\040\000p\000o\000l\000y\000n\000o\000m\000i\000a\000l}{chapter.18}% 252
\BOOKMARK [1][-]{section.18.3}{\376\377\000A\000p\000p\000r\000o\000x\000i\000m\000a\000t\000i\000o\000n\000\040\000t\000h\000e\000o\000r\000y}{chapter.18}% 253
\BOOKMARK [0][-]{chapter.19}{\376\377\000N\000o\000\040\000f\000r\000e\000e\000\040\000l\000u\000n\000c\000h}{part.3}% 254
\BOOKMARK [1][-]{section.19.1}{\376\377\000O\000r\000i\000g\000i\000n\000a\000l\000\040\000s\000t\000a\000t\000e\000m\000e\000n\000t\000s}{chapter.19}% 255
\BOOKMARK [1][-]{section.19.2}{\376\377\000B\000i\000a\000s\000-\000v\000a\000r\000i\000a\000n\000c\000e\000\040\000a\000c\000c\000o\000r\000d\000a\000n\000c\000e}{chapter.19}% 256
\BOOKMARK [0][-]{chapter.20}{\376\377\000O\000p\000e\000n\000\040\000q\000u\000e\000s\000t\000i\000o\000n\000\040\000i\000n\000\040\000t\000h\000e\000o\000r\000e\000t\000i\000c\000a\000l\000\040\000m\000a\000c\000h\000i\000n\000e\000\040\000l\000e\000a\000r\000n\000i\000n\000g}{part.3}% 257
\BOOKMARK [1][-]{section.20.1}{\376\377\000I\000n\000t\000r\000o\000d\000u\000c\000t\000i\000o\000n}{chapter.20}% 258
\BOOKMARK [0][-]{chapter.21}{\376\377\000A\000\040\000n\000o\000v\000e\000l\000\040\000a\000n\000a\000l\000y\000s\000i\000s\000\040\000o\000n\000\040\000l\000e\000a\000r\000n\000i\000n\000g\000\040\000t\000h\000e\000o\000r\000y}{part.3}% 259
\BOOKMARK [1][-]{section.21.1}{\376\377\000I\000n\000t\000r\000o\000d\000u\000c\000t\000i\000o\000n}{chapter.21}% 260
\BOOKMARK [0][-]{chapter.22}{\376\377\000I\000n\000t\000r\000o\000d\000u\000c\000t\000o\000r\000y\000\040\000D\000o\000u\000b\000l\000e\000\040\000D\000e\000s\000c\000e\000n\000t}{part.3}% 261
\BOOKMARK [1][-]{section.22.1}{\376\377\000I\000n\000t\000r\000o\000d\000u\000c\000t\000i\000o\000n}{chapter.22}% 262
\BOOKMARK [1][-]{section.22.2}{\376\377\000P\000r\000o\000b\000l\000e\000m\000\040\000s\000t\000a\000t\000e\000m\000e\000n\000t\000s}{chapter.22}% 263
\BOOKMARK [1][-]{section.22.3}{\376\377\000D\000o\000u\000b\000l\000e\000\040\000d\000e\000s\000c\000e\000n\000t}{chapter.22}% 264
\BOOKMARK [0][-]{chapter.23}{\376\377\000N\000e\000u\000r\000a\000l\000\040\000N\000e\000t\000w\000o\000r\000k\000\040\000F\000r\000a\000m\000e\000w\000o\000r\000k}{part.3}% 265
\BOOKMARK [1][-]{section.23.1}{\376\377\000I\000n\000t\000r\000o\000d\000u\000c\000t\000i\000o\000n}{chapter.23}% 266
\BOOKMARK [1][-]{section.23.2}{\376\377\000C\000o\000n\000s\000t\000r\000u\000c\000t\000i\000o\000n\000s}{chapter.23}% 267
\BOOKMARK [1][-]{section.23.3}{\376\377\000A\000\040\000s\000t\000r\000u\000c\000t\000u\000r\000a\000l\000\040\000a\000n\000a\000l\000y\000s\000i\000s}{chapter.23}% 268
\BOOKMARK [0][-]{chapter.24}{\376\377\000G\000e\000n\000e\000r\000a\000l\000\040\000p\000r\000i\000n\000c\000i\000p\000l\000e\000s}{part.3}% 269
\BOOKMARK [1][-]{section.24.1}{\376\377\000D\000e\000f\000i\000n\000i\000n\000g\000\040\000a\000r\000t\000i\000f\000i\000c\000i\000a\000l\000\040\000i\000n\000t\000e\000l\000l\000i\000g\000e\000n\000c\000e}{chapter.24}% 270
\BOOKMARK [0][-]{chapter.25}{\376\377\000T\000h\000e\000\040\000p\000r\000i\000n\000c\000i\000p\000l\000e\000\040\000n\000e\000u\000r\000a\000l\000\040\000a\000r\000c\000h\000i\000t\000e\000c\000t\000u\000r\000e}{part.3}% 271
\BOOKMARK [1][-]{section.25.1}{\376\377\000N\000e\000u\000r\000o\000n\000s\000\040\000p\000e\000r\000s\000p\000e\000c\000t\000i\000v\000e}{chapter.25}% 272
\BOOKMARK [1][-]{section.25.2}{\376\377\000F\000o\000r\000m\000a\000l\000i\000s\000a\000t\000i\000o\000n}{chapter.25}% 273
\BOOKMARK [0][-]{section*.154}{\376\377\000I\000n\000d\000e\000x}{part.3}% 274
\BOOKMARK [0][-]{chapter*.155}{\376\377\000L\000i\000s\000t\000\040\000o\000f\000\040\000t\000r\000a\000n\000s\000f\000e\000r\000\040\000f\000u\000n\000c\000t\000i\000o\000n\000s}{part.3}% 275
\BOOKMARK [1][-]{section*.156}{\376\377\000C\000l\000a\000s\000s\000i\000c\000a\000l\000\040\000t\000r\000a\000n\000s\000f\000e\000r\000\040\000f\000u\000n\000c\000t\000i\000o\000n\000s}{chapter*.155}% 276
\BOOKMARK [1][-]{section*.170}{\376\377\000D\000e\000e\000p\000\040\000l\000e\000a\000r\000n\000i\000n\000g\000-\000t\000h\000e\000o\000r\000e\000t\000i\000c\000\040\000a\000c\000t\000i\000v\000a\000t\000i\000o\000n\000\040\000f\000u\000n\000c\000t\000i\000o\000n\000s}{chapter*.155}% 277
\BOOKMARK [0][-]{chapter*.175}{\376\377\000B\000i\000b\000l\000i\000o\000g\000r\000a\000p\000h\000y}{part.3}% 278
