\BOOKMARK [0][-]{section*.1}{\376\377\000C\000o\000n\000t\000e\000n\000t\000s}{}% 1
\BOOKMARK [0][-]{section*.2}{\376\377\000L\000i\000s\000t\000\040\000o\000f\000\040\000F\000i\000g\000u\000r\000e\000s}{}% 2
\BOOKMARK [-1][-]{part.1}{\376\377\000I\000\040\000P\000r\000e\000l\000i\000m\000i\000n\000a\000r\000y}{}% 53
\BOOKMARK [0][-]{chapter.2}{\376\377\000F\000o\000u\000n\000d\000a\000t\000i\000o\000n\000a\000l\000\040\000m\000a\000t\000h\000e\000m\000a\000t\000i\000c\000s}{part.1}% 54
\BOOKMARK [1][-]{section.2.1}{\376\377\000E\000l\000e\000m\000e\000n\000t\000a\000r\000y\000\040\000l\000o\000g\000i\000c\000s}{chapter.2}% 55
\BOOKMARK [2][-]{subsection.2.1.1}{\376\377\000T\000h\000e\000\040\000P\000r\000o\000p\000o\000s\000i\000t\000i\000o\000n\000a\000l\000\040\000l\000o\000g\000i\000c\000s}{section.2.1}% 56
\BOOKMARK [2][-]{subsection.2.1.2}{\376\377\000F\000r\000o\000m\000\040\000f\000r\000a\000m\000e\000s\000\040\000t\000o\000\040\000s\000t\000a\000t\000e\000m\000e\000n\000t\000s}{section.2.1}% 57
\BOOKMARK [2][-]{subsection.2.1.3}{\376\377\000C\000h\000a\000r\000a\000c\000t\000e\000r\000i\000z\000a\000t\000i\000o\000n}{section.2.1}% 58
\BOOKMARK [2][-]{subsection.2.1.4}{\376\377\000R\000e\000s\000t\000r\000i\000c\000t\000e\000d\000\040\000v\000a\000r\000i\000a\000b\000l\000e\000s}{section.2.1}% 59
\BOOKMARK [1][-]{section.2.2}{\376\377\000N\000a\000i\000v\000e\000\040\000s\000e\000t\000\040\000t\000h\000e\000o\000r\000y}{chapter.2}% 60
\BOOKMARK [2][-]{subsection.2.2.1}{\376\377\000D\000e\000\040\000M\000o\000r\000g\000a\000n\000'\000s\000\040\000t\000h\000e\000o\000r\000e\000m}{section.2.2}% 61
\BOOKMARK [1][-]{section.2.3}{\376\377\000F\000o\000r\000m\000a\000l\000\040\000s\000e\000t\000\040\000t\000h\000e\000o\000r\000y}{chapter.2}% 62
\BOOKMARK [2][-]{subsection.2.3.1}{\376\377\000A\000n\000\040\000i\000n\000f\000o\000r\000m\000a\000l\000\040\000v\000i\000e\000w\000\040\000o\000n\000\040\000s\000e\000t\000s}{section.2.3}% 63
\BOOKMARK [2][-]{subsection.2.3.2}{\376\377\000C\000l\000a\000s\000s\000e\000s}{section.2.3}% 64
\BOOKMARK [2][-]{subsection.2.3.3}{\376\377\000A\000x\000i\000o\000m\000a\000t\000i\000z\000a\000t\000i\000o\000n\000s}{section.2.3}% 65
\BOOKMARK [1][-]{section.2.4}{\376\377\000O\000r\000d\000e\000r\000e\000d\000\040\000p\000a\000i\000r\000s\000\040\000a\000n\000d\000\040\000r\000e\000l\000a\000t\000i\000o\000n\000s}{chapter.2}% 66
\BOOKMARK [2][-]{subsection.2.4.1}{\376\377\000E\000q\000u\000i\000v\000a\000l\000e\000n\000c\000e\000\040\000r\000e\000l\000a\000t\000i\000o\000n\000s}{section.2.4}% 67
\BOOKMARK [1][-]{section.2.5}{\376\377\000F\000u\000n\000c\000t\000i\000o\000n\000s}{chapter.2}% 68
\BOOKMARK [1][-]{section.2.6}{\376\377\000P\000r\000o\000d\000u\000c\000t\000\040\000s\000e\000t\000s\000,\000\040\000i\000n\000d\000e\000x\000\040\000n\000o\000t\000a\000t\000i\000o\000n}{chapter.2}% 69
\BOOKMARK [0][-]{chapter.3}{\376\377\000L\000i\000n\000e\000a\000r\000\040\000a\000l\000g\000e\000b\000r\000a}{part.1}% 70
\BOOKMARK [1][-]{section.3.1}{\376\377\000N\000o\000t\000a\000t\000i\000o\000n\000\040\000a\000n\000d\000\040\000s\000t\000r\000u\000c\000t\000u\000r\000e}{chapter.3}% 71
\BOOKMARK [2][-]{subsection.3.1.1}{\376\377\000A\000r\000r\000a\000y\000\040\000f\000o\000r\000m}{section.3.1}% 72
\BOOKMARK [1][-]{section.3.2}{\376\377\000V\000e\000c\000t\000o\000r\000s}{chapter.3}% 73
\BOOKMARK [2][-]{subsection.3.2.1}{\376\377\000P\000r\000o\000p\000e\000r\000t\000i\000e\000s\000\040\000o\000f\000\040\000v\000e\000c\000t\000o\000r\000s}{section.3.2}% 74
\BOOKMARK [1][-]{section.3.3}{\376\377\000M\000a\000t\000r\000i\000x}{chapter.3}% 75
\BOOKMARK [2][-]{subsection.3.3.1}{\376\377\000S\000p\000e\000c\000i\000a\000l\000\040\000m\000a\000t\000r\000i\000c\000e\000s\000,\000\040\000o\000p\000e\000r\000a\000t\000i\000o\000n\000s\000,\000\040\000a\000n\000d\000\040\000p\000r\000o\000p\000e\000r\000t\000i\000e\000s}{section.3.3}% 76
\BOOKMARK [0][-]{chapter.4}{\376\377\000P\000r\000o\000b\000a\000b\000i\000l\000i\000t\000y\000\040\000a\000n\000d\000\040\000S\000t\000a\000t\000i\000s\000t\000i\000c\000s}{part.1}% 77
\BOOKMARK [1][-]{section.4.1}{\376\377\000W\000h\000a\000t\000\040\000i\000s\000\040\000p\000r\000o\000b\000a\000b\000i\000l\000i\000t\000y\000?}{chapter.4}% 78
\BOOKMARK [2][-]{subsection.4.1.1}{\376\377\000T\000h\000e\000\040\000f\000u\000n\000d\000a\000m\000e\000n\000t\000a\000l\000\040\000p\000r\000i\000n\000c\000i\000p\000l\000e\000\040\000o\000f\000\040\000p\000r\000o\000b\000a\000b\000i\000l\000i\000t\000y}{section.4.1}% 79
\BOOKMARK [1][-]{section.4.2}{\376\377\000S\000p\000a\000c\000e\000\040\000o\000f\000\040\000p\000r\000o\000b\000a\000b\000i\000l\000i\000t\000y}{chapter.4}% 80
\BOOKMARK [1][-]{section.4.3}{\376\377\000C\000o\000m\000b\000i\000n\000a\000t\000o\000r\000i\000a\000l\000\040\000p\000r\000o\000b\000a\000b\000i\000l\000i\000t\000y}{chapter.4}% 81
\BOOKMARK [1][-]{section.4.4}{\376\377\000A\000x\000i\000o\000m\000a\000t\000i\000c\000\040\000p\000r\000o\000b\000a\000b\000i\000l\000i\000t\000y}{chapter.4}% 82
\BOOKMARK [2][-]{subsection.4.4.1}{\376\377\000A\000x\000i\000o\000m\000\040\000o\000f\000\040\000p\000r\000o\000b\000a\000b\000i\000l\000i\000t\000y}{section.4.4}% 83
\BOOKMARK [2][-]{subsection.4.4.2}{\376\377\000B\000o\000o\000l\000e\000'\000s\000\040\000i\000n\000e\000q\000u\000a\000l\000i\000t\000y}{section.4.4}% 84
\BOOKMARK [2][-]{subsection.4.4.3}{\376\377\000C\000o\000n\000d\000i\000t\000i\000o\000n\000a\000l\000\040\000p\000r\000o\000b\000a\000b\000i\000l\000i\000t\000y}{section.4.4}% 85
\BOOKMARK [1][-]{section.4.5}{\376\377\000R\000a\000n\000d\000o\000m\000\040\000v\000a\000r\000i\000a\000b\000l\000e\000s}{chapter.4}% 86
\BOOKMARK [1][-]{section.4.6}{\376\377\000E\000x\000p\000e\000c\000t\000e\000d\000\040\000v\000a\000l\000u\000e\000s}{chapter.4}% 87
\BOOKMARK [2][-]{subsection.4.6.1}{\376\377\000V\000a\000r\000i\000a\000n\000c\000e}{section.4.6}% 88
\BOOKMARK [1][-]{section.4.7}{\376\377\000S\000o\000m\000e\000\040\000d\000i\000s\000t\000r\000i\000b\000u\000t\000i\000o\000n\000\040\000f\000u\000n\000c\000t\000i\000o\000n\000s}{chapter.4}% 89
\BOOKMARK [2][-]{subsection.4.7.1}{\376\377\000B\000e\000r\000n\000o\000u\000l\000l\000i\000\040\000a\000n\000d\000\040\000b\000i\000n\000o\000m\000i\000a\000l\000\040\000d\000i\000s\000t\000r\000i\000b\000u\000t\000i\000o\000n}{section.4.7}% 90
\BOOKMARK [2][-]{subsection.4.7.2}{\376\377\000P\000o\000i\000s\000s\000o\000n\000\040\000d\000i\000s\000t\000r\000i\000b\000u\000t\000i\000o\000n}{section.4.7}% 91
\BOOKMARK [2][-]{subsection.4.7.3}{\376\377\000U\000n\000i\000f\000o\000r\000m\000\040\000d\000i\000s\000t\000r\000i\000b\000u\000t\000i\000o\000n}{section.4.7}% 92
\BOOKMARK [2][-]{subsection.4.7.4}{\376\377\000N\000o\000r\000m\000a\000l\000\040\000d\000i\000s\000t\000r\000i\000b\000u\000t\000i\000o\000n}{section.4.7}% 93
\BOOKMARK [2][-]{subsection.4.7.5}{\376\377\000E\000x\000p\000o\000n\000e\000n\000t\000i\000a\000l\000\040\000d\000i\000s\000t\000r\000i\000b\000u\000t\000i\000o\000n}{section.4.7}% 94
\BOOKMARK [2][-]{subsection.4.7.6}{\376\377\000D\000i\000s\000t\000r\000i\000b\000u\000t\000i\000o\000n\000\040\000f\000u\000n\000c\000t\000i\000o\000n\000\040\000o\000f\000\040\000v\000a\000r\000i\000a\000b\000l\000e\000s}{section.4.7}% 95
\BOOKMARK [0][-]{chapter.5}{\376\377\000M\000e\000t\000r\000i\000c\000\040\000s\000p\000a\000c\000e\000s\000,\000\040\000m\000e\000a\000s\000u\000r\000e\000\040\000t\000h\000e\000o\000r\000y}{part.1}% 96
\BOOKMARK [1][-]{section.5.1}{\376\377\000M\000e\000t\000r\000i\000c\000\040\000t\000h\000e\000o\000r\000y}{chapter.5}% 97
\BOOKMARK [2][-]{subsection.5.1.1}{\376\377\000P\000s\000e\000u\000d\000o\000m\000e\000t\000r\000i\000c\000\040\000s\000p\000a\000c\000e\000s}{section.5.1}% 98
\BOOKMARK [1][-]{section.5.2}{\376\377\000M\000e\000a\000s\000u\000r\000e}{chapter.5}% 99
\BOOKMARK [2][-]{subsection.5.2.1}{\376\377\000S\000i\000g\000m\000a\000-\000a\000l\000g\000e\000b\000r\000a}{section.5.2}% 100
\BOOKMARK [2][-]{subsection.5.2.2}{\376\377\000A\000\040\000f\000e\000w\000\040\000s\000i\000g\000m\000a\000\040\000a\000l\000g\000e\000b\000r\000a\000s}{section.5.2}% 101
\BOOKMARK [2][-]{subsection.5.2.3}{\376\377\000M\000e\000a\000s\000u\000r\000e}{section.5.2}% 102
\BOOKMARK [0][-]{chapter.6}{\376\377\000C\000o\000n\000c\000e\000n\000t\000r\000a\000t\000i\000o\000n\000\040\000i\000n\000e\000q\000u\000a\000l\000i\000t\000i\000e\000s}{part.1}% 103
\BOOKMARK [1][-]{section.6.1}{\376\377\000W\000h\000a\000t\000\040\000a\000r\000e\000\040\000c\000o\000n\000c\000e\000n\000t\000r\000a\000t\000i\000o\000n\000\040\000i\000n\000e\000q\000u\000a\000l\000i\000t\000i\000e\000s\000?}{chapter.6}% 104
\BOOKMARK [1][-]{section.6.2}{\376\377\000B\000a\000s\000i\000c\000\040\000t\000o\000o\000l\000s}{chapter.6}% 105
\BOOKMARK [2][-]{subsection.6.2.1}{\376\377\000M\000a\000r\000k\000o\000v\000'\000s\000\040\000i\000n\000e\000q\000u\000a\000l\000i\000t\000y}{section.6.2}% 106
\BOOKMARK [2][-]{subsection.6.2.2}{\376\377\000C\000h\000e\000b\000y\000s\000h\000e\000v\000'\000s\000\040\000i\000n\000e\000q\000u\000a\000l\000i\000t\000y}{section.6.2}% 107
\BOOKMARK [2][-]{subsection.6.2.3}{\376\377\000M\000c\000D\000i\000a\000r\000m\000i\000d\000'\000s\000\040\000i\000n\000e\000q\000u\000a\000l\000i\000t\000y}{section.6.2}% 108
\BOOKMARK [2][-]{subsection.6.2.4}{\376\377\000T\000h\000e\000\040\000C\000r\000a\000m\000e\000r\000-\000C\000h\000e\000r\000n\000o\000f\000f\000\040\000m\000e\000t\000h\000o\000d}{section.6.2}% 109
\BOOKMARK [0][-]{chapter.7}{\376\377\000C\000a\000t\000e\000g\000o\000r\000y\000\040\000t\000h\000e\000o\000r\000y}{part.1}% 110
\BOOKMARK [1][-]{section.7.1}{\376\377\000I\000n\000t\000r\000o\000d\000u\000c\000t\000i\000o\000n\000\040\000t\000o\000\040\000F\000u\000n\000c\000t\000i\000o\000n\000s}{chapter.7}% 111
\BOOKMARK [1][-]{section.7.2}{\376\377\000C\000a\000t\000e\000g\000o\000r\000y\000\040\000a\000n\000d\000\040\000P\000r\000e\000c\000a\000t\000e\000g\000o\000r\000y}{chapter.7}% 112
\BOOKMARK [1][-]{section.7.3}{\376\377\000F\000u\000n\000c\000t\000o\000r\000s}{chapter.7}% 113
\BOOKMARK [1][-]{section.7.4}{\376\377\000E\000x\000a\000m\000p\000l\000e\000s\000\040\000o\000f\000\040\000C\000a\000t\000e\000g\000o\000r\000y}{chapter.7}% 114
\BOOKMARK [2][-]{subsection.7.4.1}{\376\377\000U\000n\000i\000t\000a\000l\000\040\000R\000i\000n\000g}{section.7.4}% 115
\BOOKMARK [2][-]{subsection.7.4.2}{\376\377\000G\000r\000o\000u\000p\000\040\000a\000n\000d\000\040\000M\000o\000n\000o\000i\000d}{section.7.4}% 116
\BOOKMARK [1][-]{section.7.5}{\376\377\000I\000n\000v\000e\000s\000t\000i\000g\000a\000t\000i\000o\000n\000\040\000o\000n\000\040\000M\000o\000r\000p\000h\000i\000s\000m}{chapter.7}% 117
\BOOKMARK [2][-]{subsection.7.5.1}{\376\377\000T\000o\000t\000a\000l\000\040\000M\000o\000r\000p\000h\000i\000s\000m}{section.7.5}% 118
\BOOKMARK [2][-]{subsection.7.5.2}{\376\377\000H\000o\000m\000o\000m\000o\000r\000p\000h\000i\000s\000m}{section.7.5}% 119
\BOOKMARK [2][-]{subsection.7.5.3}{\376\377\000I\000s\000o\000m\000o\000r\000p\000h\000i\000s\000m}{section.7.5}% 120
\BOOKMARK [0][-]{chapter.8}{\376\377\000D\000i\000f\000f\000e\000r\000e\000n\000t\000i\000a\000l\000\040\000m\000a\000t\000h\000e\000m\000a\000t\000i\000c\000s}{part.1}% 121
\BOOKMARK [1][-]{section.8.1}{\376\377\000T\000h\000e\000\040\000d\000i\000f\000f\000e\000r\000e\000n\000t\000i\000a\000l\000\040\000e\000q\000u\000a\000t\000i\000o\000n}{chapter.8}% 122
\BOOKMARK [1][-]{section.8.2}{\376\377\000F\000i\000r\000s\000t\000\040\000O\000r\000d\000e\000r\000\040\000E\000q\000u\000a\000t\000i\000o\000n\000s}{chapter.8}% 123
\BOOKMARK [2][-]{subsection.8.2.1}{\376\377\000T\000h\000e\000\040\000E\000x\000p\000o\000n\000e\000n\000t\000i\000a\000l\000\040\000f\000u\000n\000c\000t\000i\000o\000n}{section.8.2}% 124
\BOOKMARK [2][-]{subsection.8.2.2}{\376\377\000L\000i\000n\000e\000a\000r\000\040\000D\000i\000f\000f\000e\000r\000e\000n\000t\000i\000a\000l\000\040\000E\000q\000u\000a\000t\000i\000o\000n\000s}{section.8.2}% 125
\BOOKMARK [2][-]{subsection.8.2.3}{\376\377\000T\000h\000e\000\040\000I\000n\000t\000e\000g\000r\000a\000t\000i\000n\000g\000\040\000F\000a\000c\000t\000o\000r\000\040\000M\000e\000t\000h\000o\000d}{section.8.2}% 126
\BOOKMARK [2][-]{subsection.8.2.4}{\376\377\000T\000h\000e\000\040\000I\000n\000i\000t\000i\000a\000l\000\040\000V\000a\000l\000u\000e\000\040\000P\000r\000o\000b\000l\000e\000m}{section.8.2}% 127
\BOOKMARK [2][-]{subsection.8.2.5}{\376\377\000L\000i\000n\000e\000a\000r\000\040\000V\000a\000r\000i\000a\000b\000l\000e\000\040\000C\000o\000e\000f\000f\000i\000c\000i\000e\000n\000t\000\040\000E\000q\000u\000a\000t\000i\000o\000n}{section.8.2}% 128
\BOOKMARK [2][-]{subsection.8.2.6}{\376\377\000T\000h\000e\000\040\000B\000e\000r\000n\000o\000u\000l\000l\000i\000\040\000E\000q\000u\000a\000t\000i\000o\000n}{section.8.2}% 129
\BOOKMARK [1][-]{section.8.3}{\376\377\000S\000e\000p\000e\000r\000a\000b\000l\000e\000\040\000E\000q\000u\000a\000t\000i\000o\000n\000s}{chapter.8}% 130
\BOOKMARK [2][-]{subsection.8.3.1}{\376\377\000E\000u\000l\000e\000r\000\040\000H\000o\000m\000o\000g\000e\000n\000e\000o\000u\000s\000\040\000E\000q\000u\000a\000t\000i\000o\000n\000s}{section.8.3}% 131
\BOOKMARK [1][-]{section.8.4}{\376\377\000E\000x\000a\000c\000t\000\040\000D\000i\000f\000f\000e\000r\000e\000n\000t\000i\000a\000l\000\040\000E\000q\000u\000a\000t\000i\000o\000n}{chapter.8}% 132
\BOOKMARK [2][-]{subsection.8.4.1}{\376\377\000E\000x\000a\000c\000t\000\040\000E\000q\000u\000a\000t\000i\000o\000n}{section.8.4}% 133
\BOOKMARK [2][-]{subsection.8.4.2}{\376\377\000E\000x\000a\000c\000t\000\040\000S\000o\000l\000u\000t\000i\000o\000n}{section.8.4}% 134
\BOOKMARK [2][-]{subsection.8.4.3}{\376\377\000G\000e\000o\000m\000e\000t\000r\000i\000c\000a\000l\000\040\000I\000n\000t\000e\000r\000p\000r\000e\000t\000a\000t\000i\000o\000n\000s}{section.8.4}% 135
\BOOKMARK [2][-]{subsection.8.4.4}{\376\377\000S\000e\000m\000i\000-\000e\000x\000a\000c\000t\000\040\000e\000q\000u\000a\000t\000i\000o\000n\000s}{section.8.4}% 136
\BOOKMARK [2][-]{subsection.8.4.5}{\376\377\000E\000q\000u\000a\000t\000i\000o\000n\000\040\000f\000o\000r\000\040\000i\000n\000v\000e\000r\000s\000e\000\040\000f\000u\000n\000c\000t\000i\000o\000n}{section.8.4}% 137
\BOOKMARK [1][-]{section.8.5}{\376\377\000C\000o\000n\000c\000l\000u\000s\000i\000o\000n}{chapter.8}% 138
\BOOKMARK [-1][-]{part.2}{\376\377\000I\000I\000\040\000M\000a\000i\000n}{}% 139
\BOOKMARK [-1][-]{part.3}{\376\377\000I\000I\000I\000\040\000R\000e\000s\000e\000a\000r\000c\000h}{}% 261
\BOOKMARK [0][-]{section*.34}{\376\377\000I\000n\000d\000e\000x}{part.3}% 294
\BOOKMARK [0][-]{chapter*.35}{\376\377\000L\000i\000s\000t\000\040\000o\000f\000\040\000t\000r\000a\000n\000s\000f\000e\000r\000\040\000f\000u\000n\000c\000t\000i\000o\000n\000s}{part.3}% 295
\BOOKMARK [1][-]{section*.36}{\376\377\000C\000l\000a\000s\000s\000i\000c\000a\000l\000\040\000t\000r\000a\000n\000s\000f\000e\000r\000\040\000f\000u\000n\000c\000t\000i\000o\000n\000s}{chapter*.35}% 296
\BOOKMARK [2][-]{subsection*.37}{\376\377\000H\000a\000r\000d\000\040\000l\000i\000m\000i\000t\000\040\000\050\000h\000a\000r\000d\000l\000i\000m\000[\000x\000]\000\051}{section*.36}% 297
\BOOKMARK [2][-]{subsection*.40}{\376\377\000S\000y\000m\000m\000e\000t\000r\000i\000c\000\040\000h\000a\000r\000d\000\040\000l\000i\000m\000i\000t\000\040\000\050\000h\000a\000r\000d\000l\000i\000m\000s\000[\000x\000]\000\051}{section*.36}% 298
\BOOKMARK [2][-]{subsection*.42}{\376\377\000L\000i\000n\000e\000a\000r\000\040\000f\000a\000m\000i\000l\000y\000\040\000\050\000s\000a\000t\000l\000i\000n\000[\000x\000]\000,\000\040\000s\000a\000t\000l\000i\000n\000s\000[\000x\000]\000,\000\040\000p\000u\000r\000e\000l\000i\000n\000[\000x\000]\000\051}{section*.36}% 299
\BOOKMARK [2][-]{subsection*.45}{\376\377\000S\000i\000g\000m\000o\000i\000d\000\040\000\050\000s\000i\000g\000m\000o\000i\000d\000[\000x\000]\000\051\000\040\000a\000n\000d\000\040\000l\000o\000g\000-\000s\000i\000g\000m\000o\000i\000d\000\040\000\050\000l\000o\000g\000s\000i\000g\000m\000o\000i\000d\000[\000x\000]\000\051}{section*.36}% 300
\BOOKMARK [2][-]{subsection*.48}{\376\377\000H\000y\000p\000e\000r\000b\000o\000l\000i\000c\000\040\000t\000a\000n\000g\000e\000n\000t\000\040\000\050\000t\000a\000n\000s\000i\000g\000[\000x\000]\000\051}{section*.36}% 301
\BOOKMARK [1][-]{section*.50}{\376\377\000D\000e\000e\000p\000\040\000l\000e\000a\000r\000n\000i\000n\000g\000-\000t\000h\000e\000o\000r\000e\000t\000i\000c\000\040\000a\000c\000t\000i\000v\000a\000t\000i\000o\000n\000\040\000f\000u\000n\000c\000t\000i\000o\000n\000s}{chapter*.35}% 302
\BOOKMARK [2][-]{subsection*.51}{\376\377\000L\000o\000g\000i\000s\000t\000i\000c\000\040\000S\000i\000g\000m\000o\000i\000d\000\040\000a\000n\000d\000\040\000T\000a\000n\000h\000-\000b\000a\000s\000e\000d}{section*.50}% 303
\BOOKMARK [2][-]{subsection*.52}{\376\377\000R\000e\000c\000t\000i\000f\000i\000e\000d\000\040\000A\000c\000t\000i\000v\000a\000t\000i\000o\000n\000\040\000F\000u\000n\000c\000t\000i\000o\000n\000s}{section*.50}% 304
\BOOKMARK [0][-]{chapter*.55}{\376\377\000B\000i\000b\000l\000i\000o\000g\000r\000a\000p\000h\000y}{part.3}% 305
